Running phase: unpackPhase
@nix { "action": "setPhase", "phase": "unpackPhase" }
unpacking source archive /nix/store/rgri5g8rk5g7rx94m10ijl0nr0ac24i3-source
source root is source
Running phase: patchPhase
@nix { "action": "setPhase", "phase": "patchPhase" }
moving Cargo.lock to Cargo.lock.orig, then will use /nix/store/dzf1cl60f6lsbckiml6i1x4njlykldm8-Cargo.lock as Cargo.lock
applying patch /nix/store/6bxiq9slf8dfybw13y4j1mw4rpb7dvar-reconstruct-box-borrows.patch
patching file src/transform/mod.rs
patching file src/transform/resugar/reconstruct_box_derefs.rs
patching file src/transform/resugar/reconstruct_box_copies.rs
patching file tests/box_metadata.rs
patching file tests/box_copy.rs
patching file tests/ui/simple/box-slice-metadata.rs
patching file tests/ui/simple/box-slice-metadata.out
patching file tests/ui/simple/box-deref-copy.rs
patching file tests/ui/simple/box-deref-copy.out
patching file tests/ui/simple/box-indexed-copy.rs
patching file tests/ui/simple/box-indexed-copy.out
patching file tests/ui/dyn/vtable_drop.out
applying patch /nix/store/xlnkr01s20y9q33hkpn3fwql00sfzw9d-capture-arguments.patch
patching file src/ast/type_level.rs
patching file src/ast/type_level/region_instantiation.rs
patching file src/bin/charon-driver/translate/translate_crate.rs
patching file src/bin/charon-driver/translate/translate_closures.rs
patching file src/bin/charon-driver/translate/translate_predicates.rs
patching file tests/closure_capture_regions.rs
patching file tests/ui/simple/issue-988-closure-outlives.out
patching file tests/ui/simple/nested-closure-lifetime.out
patching file tests/ui/simple/closure-with-remove-adt-clauses.out
patching file tests/ui/closures.out
patching file tests/ui/simple/lending-iterator-gat.out
patching file tests/ui/simple/closure-fn.out
patching file tests/ui/simple/issue-1040-closure-upvar-lifetime.out
patching file tests/ui/simple/closure-with-non-upvar-lifetime.out
patching file tests/ui/simple/closure-capture-ref-by-move.out
patching file tests/ui/simple/nested-closure.out
patching file tests/ui/simple/closure-fnmut.out
patching file tests/ui/no-gen-tuple-structs.out
patching file tests/ui/issue-323-closure-borrow.out
patching file tests/ui/monomorphization/closure-fn.out
patching file tests/ui/monomorphization/closures.out
applying patch /nix/store/36mfcwq8m9zbjh6j621hvndfzi970r18-constructor.patch
patching file Cargo.toml
patching file Cargo.lock
patching file src/bin/charon-driver/driver.rs
patching file src/bin/charon-driver/hax/sinto.rs
patching file src/bin/charon-driver/hax/types/new/full_def.rs
patching file src/bin/charon-driver/hax/types/ty.rs
patching file src/bin/charon-driver/translate/closure_constraints.rs
patching file src/bin/charon-driver/translate/mod.rs
patching file src/bin/charon-driver/translate/translate_closures.rs
patching file src/bin/charon-driver/translate/translate_crate.rs
patching file src/bin/charon-driver/translate/translate_ctx.rs
patching file src/bin/charon-driver/translate/translate_generics.rs
patching file tests/closure_required_regions.rs
applying patch /nix/store/bhx7ikm1myy1rp6m2dfrsbn2ii5sg9ph-transport.patch
patching file Cargo.lock
patching file src/bin/charon/main.rs
patching file src/bin/charon/fact_cache.rs
patching file src/bin/charon-driver/main.rs
patching file src/bin/charon-driver/driver.rs
patching file src/bin/charon-driver/translate/translate_ctx.rs
patching file src/bin/charon-driver/translate/closure_constraints.rs
patching file tests/closure_fact_transport.rs
applying patch /nix/store/rpqxib583b92vwdb7651j2a8gwgr24ky-explicit-self.patch
patching file src/ast/type_level/substitute.rs
applying patch /nix/store/gcbdcy1vqrg7kl3gn7d30y0q3dgrmxk1-finite-demands.patch
patching file src/transform/normalize/expand_associated_types.rs
patching file src/transform/normalize/expand_associated_types.rs
File src/transform/normalize/expand_associated_types/cyclic_demands.rs is read-only; trying to patch anyway
patching file src/transform/normalize/expand_associated_types/cyclic_demands.rs
patching file src/bin/charon-driver/translate/translate_crate.rs
patching file src/bin/charon-driver/translate/translate_ctx.rs
patching file src/bin/charon-driver/translate/translate_items.rs
patching file src/export/multi_target.rs
patching file src/options.rs
patching file src/transform/add_missing_info/reorder_decls.rs
patching file src/transform/ctx.rs
patching file tests/box_copy.rs
patching file tests/box_metadata.rs
File tests/specialized_traits.rs is read-only; trying to patch anyway
patching file tests/specialized_traits.rs
Executing configureCargoCommonVars
decompressing cargo artifacts from /nix/store/f5jfs4pbziwpw56x2khynq7dbxlpac9x-charon-deps-0.1.248/target.tar.zst to target
Running phase: updateAutotoolsGnuConfigScriptsPhase
@nix { "action": "setPhase", "phase": "updateAutotoolsGnuConfigScriptsPhase" }
Running phase: configurePhase
@nix { "action": "setPhase", "phase": "configurePhase" }
will append /build/source/.cargo-home/config.toml with contents of /nix/store/0j2msvsi1v6y8jwxhddgxy4n4ncjcvw7-vendor-cargo-deps/config.toml
default configurePhase, nothing to do
Running phase: buildPhase
@nix { "action": "setPhase", "phase": "buildPhase" }
+++ command cargo --version
cargo 1.100.0-nightly (8a0d8afba 2026-08-15)
+++ command cargo build --release --message-format json-render-diagnostics --locked
   Compiling charon v0.1.248 (/build/source)
   Compiling rustc_trait_elaboration v0.1.0 (/build/source/rustc_trait_elaboration)
   Compiling closure-region-facts v0.1.0 (/build/source/closure-region-facts)
   Compiling hax-adt-into v0.3.5 (/build/source/adt-into)
   Compiling macros v0.1.0 (/build/source/macros)
    Finished `release` profile [optimized] target(s) in 1m 12s
searching for bins/libs to install from cargo build log at cargoBuildLogB3UX.json
installing /build/source/target/release/charon in postBuildInstallFromCargoBuildLogOutTempkyV/bin
installing /build/source/target/release/generate-asts in postBuildInstallFromCargoBuildLogOutTempkyV/bin
installing /build/source/target/release/charon-driver in postBuildInstallFromCargoBuildLogOutTempkyV/bin
searching for bins/libs complete
buildPhase completed in 1 minutes 13 seconds
Running phase: checkPhase
@nix { "action": "setPhase", "phase": "checkPhase" }
+++ command cargo test --profile release --locked
   Compiling charon v0.1.248 (/build/source)
    Finished `release` profile [optimized] target(s) in 1m 25s
     Running unittests src/lib.rs (target/release/build/charon/ccf12ca245adf189/out/charon_lib-ccf12ca245adf189)

running 27 tests
test ast::bodies::values::test::test_big_endian_scalars ... ok
test ast::items::layout_guarantees::tests::normalize_arithmetic ... ok
test ast::items::layout_guarantees::tests::normalize_extrema_identities ... ok
test ast::items::layout_guarantees::tests::normalize_extrema_partially ... ok
test ast::items::layout_guarantees::tests::normalize_for_the_selected_target ... ok
test ast::items::layout_guarantees::tests::normalize_if_inhabited ... ok
test ast::items::layout_guarantees::tests::normalize_uses_guarantees_not_chosen_values ... ok
test ast::type_level::region_instantiation::tests::declaration_prefix_and_capture_slots_survive_construction ... ok
test ast::type_level::region_instantiation::tests::does_not_solve_ambient_variables_with_same_numeric_id ... ok
test ast::type_level::region_instantiation::tests::empty_binder_requires_exact_identity ... ok
test ast::type_level::region_instantiation::tests::generic_binders_preserve_bound_and_ambient_variables ... ok
test ast::type_level::region_instantiation::tests::matches_root_region_and_preserves_distinct_arguments ... ok
test ast::type_level::region_instantiation::tests::matches_under_nested_binder_without_capturing_its_variables ... ok
test ast::type_level::region_instantiation::tests::parent_type_substitution_does_not_introduce_inference_parameters ... ok
test ast::type_level::region_instantiation::tests::partial_construction_refuses_wrong_generic_arities ... ok
test ast::type_level::region_instantiation::tests::rejects_incomplete_and_conflicting_arguments ... ok
test ast::type_level::region_instantiation::tests::rejects_field_count_type_and_reference_kind_mismatches ... ok
test ast::type_level::region_instantiation::tests::self_identity_reproduces_the_declaration_under_nested_binders ... ok
test name_matcher::test_compare ... ok
test name_matcher::parser::test_roundtrip ... ok
test transform::normalize::expand_associated_types::demand_tests::distinct_associated_types_keep_distinct_parameters ... ok
test transform::add_missing_info::sccs::tests::test_reorder_sccs1 ... ok
test transform::normalize::expand_associated_types::demand_tests::distinct_clause_witnesses_keep_distinct_parameters ... ok
test transform::normalize::expand_associated_types::demand_tests::repeated_associated_type_demand_uses_one_parameter ... ok
test utils::hash_cons::test_hash_cons ... ok
test utils::hash_cons::test_hash_cons_dedup ... ok
test utils::hash_cons::test_hash_cons_concurrent ... ok

test result: ok. 27 passed; 0 failed; 0 ignored; 0 measured; 0 filtered out; finished in 0.00s

     Running unittests src/bin/charon/main.rs (target/release/build/charon/34c71af2551921e7/out/charon-34c71af2551921e7)

running 0 tests

test result: ok. 0 passed; 0 failed; 0 ignored; 0 measured; 0 filtered out; finished in 0.00s

     Running unittests src/bin/charon-driver/main.rs (target/release/build/charon/0c9c71fb261c9796/out/charon_driver-0c9c71fb261c9796)

running 0 tests

test result: ok. 0 passed; 0 failed; 0 ignored; 0 measured; 0 filtered out; finished in 0.00s

     Running unittests src/bin/generate-asts/main.rs (target/release/build/charon/f3e617507d919035/out/generate_asts-f3e617507d919035)

running 0 tests

test result: ok. 0 passed; 0 failed; 0 ignored; 0 measured; 0 filtered out; finished in 0.00s

     Running tests/bench-popular-crates.rs (target/release/build/charon/84e1477019e031a7/out/bench_popular_crates-84e1477019e031a7)

running 0 tests

test result: ok. 0 passed; 0 failed; 0 ignored; 0 measured; 0 filtered out; finished in 0.00s

     Running tests/box_copy.rs (target/release/build/charon/a72b303177c35ede/out/box_copy-a72b303177c35ede)

running 24 tests
test adjacent_indexed_borrow_projects_original_owner_and_index ... ok
test additional_temporary_read_is_unchanged ... ok
test adjacent_box_copy_projects_original_owner_and_metadata ... ok
test adjacent_indexed_copy_projects_original_owner_and_index ... ok
test foreign_metadata_is_unchanged ... ok
test indexed_additional_temporary_read_is_unchanged ... ok
test dropped_box_pointer_is_not_discarded ... ok
test extra_box_pointer_use_is_not_discarded ... ok
test indexed_mutable_borrow_is_unchanged ... ok
test indexed_non_unit_metadata_is_unchanged ... ok
test indexed_copy_retag_is_preserved ... ok
test indexed_owner_replacement_between_copy_and_use_is_unchanged ... ok
test indexed_storage_end_between_copy_and_use_is_unchanged ... ok
test indexed_raw_pointer_is_unchanged ... ok
test mutable_borrow_is_unchanged ... ok
test owner_replacement_between_copy_and_borrow_is_unchanged ... ok
test projected_box_assignment_is_not_discarded ... ok
test retagged_copy_is_unchanged ... ok
test raw_pointer_is_unchanged ... ok
test storage_end_between_copy_and_borrow_is_unchanged ... ok
test unused_retagged_box_copy_is_unchanged ... ok
test unused_box_pointer_copy_is_discarded ... ok
test unused_box_copy_into_argument_is_unchanged ... ok
test two_indexed_rewrites_compose ... ok

test result: ok. 24 passed; 0 failed; 0 ignored; 0 measured; 0 filtered out; finished in 0.41s

     Running tests/box_metadata.rs (target/release/build/charon/6e4d8dccf0ef0ce3/out/box_metadata-6e4d8dccf0ef0ce3)

running 7 tests
test multiple_statement_uses_are_unchanged ... ok
test cross_block_borrow_is_unchanged ... ok
test adjacent_borrow_preserves_pointee_and_metadata ... ok
test nonadjacent_borrow_is_unchanged ... ok
test raw_pointer_construction_is_unchanged ... ok
test terminator_metadata_use_is_unchanged ... ok
test owner_replacement_before_borrow_is_unchanged ... ok

test result: ok. 7 passed; 0 failed; 0 ignored; 0 measured; 0 filtered out; finished in 0.14s

     Running tests/cargo.rs (target/release/build/charon/b237007d3bae0e19/out/cargo-b237007d3bae0e19)

running 11 tests
     Removed 0 files
     Removed 0 files
     Removed 0 files
     Removed 0 files
     Removed 0 files
     Removed 0 files
     Removed 0 files
     Removed 0 files
     Removed 0 files
     Removed 0 files
     Removed 0 files
test unsafe_                                      ... FAILED
test toml                                         ... FAILED
test multi-targets                                ... ok
test workspace                                    ... ok
test error-dependencies                           ... FAILED
test test-attributes                              ... FAILED
test issue-412-dup-deps                           ... FAILED
test issue-396-lib-bin                            ... FAILED
test dependencies                                 ... FAILED
test build-script                                 ... FAILED
test issue-1298-absolute-path-for-generated-files ... ok

failures:

---- unsafe_ ----
Command: `charon cargo --error-on-warnings --print-llbc --dest-file /build/source/tests/cargo/unsafe_.llbc --`
Compilation failed:     Blocking waiting for file lock on package cache
    Blocking waiting for file lock on package cache
    Blocking waiting for file lock on package cache
   Compiling unsafe v0.1.0 (/build/source/tests/cargo/unsafe_)

thread 'rustc' panicked at /rustc-dev/8fa1c96cfd489e4c27654c144ae871ce2c4db6c6/compiler/rustc_hir/src/stable_hash_impls.rs:35:18:
called `Option::unwrap()` on a `None` value
note: run with `RUST_BACKTRACE=1` environment variable to display a backtrace
ERROR Compilation panicked
error: could not compile `unsafe` (bin "unsafe")

Caused by:
  process didn't exit successfully: `/build/source/target/release/charon-driver charon-dont-cache-this-3910-1788882420724995618 rustc --crate-name unsafe --edition=2021 src/bin/unsafe.rs --error-format=json --json=diagnostic-rendered-ansi,artifacts,future-incompat --crate-type bin --emit=dep-info,link -C embed-bitcode=no -C debuginfo=2 --check-cfg 'cfg(docsrs,test)' --check-cfg 'cfg(feature, values())' -C metadata=17ed7d921c515727 --out-dir /build/source/tests/cargo/unsafe_/target/charon-closure-facts/3c1436257c4f6dd2f3030536effd34b8397da3cc02699b1d1163e76984843136/x86_64-unknown-linux-gnu/debug/build/unsafe/bd821c6aa9dbe752/out --target x86_64-unknown-linux-gnu -L dependency=/build/source/tests/cargo/unsafe_/target/charon-closure-facts/3c1436257c4f6dd2f3030536effd34b8397da3cc02699b1d1163e76984843136/debug/build/unsafe/bd821c6aa9dbe752/out -D warnings` (exit status: 101)


---- toml ----
Command: `charon cargo --error-on-warnings --print-llbc --dest-file /build/source/tests/cargo/toml.llbc --`
Compilation failed:     Blocking waiting for file lock on package cache
    Blocking waiting for file lock on package cache
    Blocking waiting for file lock on package cache
    Blocking waiting for file lock on package cache
   Compiling test-cargo-toml v0.1.0 (/build/source/tests/cargo/toml)

thread 'rustc' panicked at /rustc-dev/8fa1c96cfd489e4c27654c144ae871ce2c4db6c6/compiler/rustc_hir/src/stable_hash_impls.rs:35:18:
called `Option::unwrap()` on a `None` value
note: run with `RUST_BACKTRACE=1` environment variable to display a backtrace
ERROR Compilation panicked
error: could not compile `test-cargo-toml` (bin "test-cargo-toml")

Caused by:
  process didn't exit successfully: `/build/source/target/release/charon-driver charon-dont-cache-this-3912-1788882420724641137 rustc --crate-name test_cargo_toml --edition=2021 src/main.rs --error-format=json --json=diagnostic-rendered-ansi,artifacts,future-incompat --crate-type bin --emit=dep-info,link -C embed-bitcode=no -C debuginfo=2 --check-cfg 'cfg(docsrs,test)' --check-cfg 'cfg(feature, values())' -C metadata=24b4d87e55d57f89 --out-dir /build/source/tests/cargo/toml/target/charon-closure-facts/3c1436257c4f6dd2f3030536effd34b8397da3cc02699b1d1163e76984843136/x86_64-unknown-linux-gnu/debug/build/test-cargo-toml/32897153eaffec9a/out --target x86_64-unknown-linux-gnu -L dependency=/build/source/tests/cargo/toml/target/charon-closure-facts/3c1436257c4f6dd2f3030536effd34b8397da3cc02699b1d1163e76984843136/debug/build/test-cargo-toml/32897153eaffec9a/out -D warnings` (exit status: 101)


---- error-dependencies ----

---- expected: /build/source/tests/cargo/error-dependencies.out
++++ actual:   charon output
   1    1 | error: Error parsing attribute: Unrecognized attribute: `charon::error`
   2    2 |  --> src/module.rs:5:1
   3    3 |   |
   4    4 | 5 | #[charon::error]
   5    5 |   | ^^^^^^^^^^^^^^^^
          ⋮
  15   15 | 8 |     let _y = error_crate::CausesError;
  16   16 |   |              ------------------------
  17   17 | error: Error parsing attribute: Unrecognized attribute: `charon::error`
  18   18 |  --> error-crate/src/lib.rs:4:1
  19   19 | 
  20      - ERROR Charon failed to translate this code (3 errors)
       20 + 
       21 + thread 'rustc' panicked at /rustc-dev/8fa1c96cfd489e4c27654c144ae871ce2c4db6c6/compiler/rustc_hir/src/stable_hash_impls.rs:35:18:
       22 + called `Option::unwrap()` on a `None` value
       23 + note: run with `RUST_BACKTRACE=1` environment variable to display a backtrace
       24 + ERROR Compilation panicked
  21   25 | error: could not compile `test-cargo` (bin "test-cargo")
  22   26 | 
  23   27 | Caused by:∅



---- test-attributes ----
Command: `charon cargo --error-on-warnings --print-llbc --dest-file /build/source/tests/cargo/test-attributes.llbc -- --tests`
Compilation failed:     Blocking waiting for file lock on package cache
    Blocking waiting for file lock on package cache
    Blocking waiting for file lock on package cache
    Blocking waiting for file lock on package cache
   Compiling test-attributes v0.1.0 (/build/source/tests/cargo/test-attributes)

thread 'rustc' panicked at /rustc-dev/8fa1c96cfd489e4c27654c144ae871ce2c4db6c6/compiler/rustc_hir/src/stable_hash_impls.rs:35:18:
called `Option::unwrap()` on a `None` value
note: run with `RUST_BACKTRACE=1` environment variable to display a backtrace
ERROR Compilation panicked
error: could not compile `test-attributes` (lib test)

Caused by:
  process didn't exit successfully: `/build/source/target/release/charon-driver charon-dont-cache-this-3914-1788882420724664767 rustc --crate-name test_attributes --edition=2021 src/lib.rs --error-format=json --json=diagnostic-rendered-ansi,artifacts,future-incompat --emit=dep-info,link -C embed-bitcode=no -C debuginfo=2 --test --check-cfg 'cfg(docsrs,test)' --check-cfg 'cfg(feature, values())' -C metadata=c404d48ef50a18b2 -C extra-filename=-20552abe3150356a --out-dir /build/source/tests/cargo/test-attributes/target/charon-closure-facts/3c1436257c4f6dd2f3030536effd34b8397da3cc02699b1d1163e76984843136/x86_64-unknown-linux-gnu/debug/build/test-attributes/20552abe3150356a/out --target x86_64-unknown-linux-gnu -L dependency=/build/source/tests/cargo/test-attributes/target/charon-closure-facts/3c1436257c4f6dd2f3030536effd34b8397da3cc02699b1d1163e76984843136/debug/build/test-attributes/20552abe3150356a/out -D warnings` (exit status: 101)


---- issue-412-dup-deps ----
Command: `charon cargo --error-on-warnings --print-llbc --dest-file /build/source/tests/cargo/issue-412-dup-deps.llbc --include=mydup --`
Compilation failed:     Blocking waiting for file lock on package cache
    Blocking waiting for file lock on package cache
    Blocking waiting for file lock on package cache
   Compiling mydup v0.2.0 (/build/source/tests/cargo/issue-412-dup-deps/dep-v2)
   Compiling mydup v0.1.0 (/build/source/tests/cargo/issue-412-dup-deps/dep-v1)
   Compiling issue-412-dup-deps v0.1.0 (/build/source/tests/cargo/issue-412-dup-deps)

thread 'rustc' panicked at /rustc-dev/8fa1c96cfd489e4c27654c144ae871ce2c4db6c6/compiler/rustc_hir/src/stable_hash_impls.rs:35:18:
called `Option::unwrap()` on a `None` value
note: run with `RUST_BACKTRACE=1` environment variable to display a backtrace
ERROR Compilation panicked
error: could not compile `issue-412-dup-deps` (bin "issue-412-dup-deps")

Caused by:
  process didn't exit successfully: `/build/source/target/release/charon-driver charon-dont-cache-this-3915-1788882420724640537 rustc --crate-name issue_412_dup_deps --edition=2021 src/main.rs --error-format=json --json=diagnostic-rendered-ansi,artifacts,future-incompat --crate-type bin --emit=dep-info,link -C embed-bitcode=no -C debuginfo=2 --check-cfg 'cfg(docsrs,test)' --check-cfg 'cfg(feature, values())' -C metadata=bbb466300860eddd --out-dir /build/source/tests/cargo/issue-412-dup-deps/target/charon-closure-facts/3c1436257c4f6dd2f3030536effd34b8397da3cc02699b1d1163e76984843136/x86_64-unknown-linux-gnu/debug/build/issue-412-dup-deps/689647d28e1724ab/out --target x86_64-unknown-linux-gnu -L dependency=/build/source/tests/cargo/issue-412-dup-deps/target/charon-closure-facts/3c1436257c4f6dd2f3030536effd34b8397da3cc02699b1d1163e76984843136/x86_64-unknown-linux-gnu/debug/build/mydup/a493a5575feba755/out -L dependency=/build/source/tests/cargo/issue-412-dup-deps/target/charon-closure-facts/3c1436257c4f6dd2f3030536effd34b8397da3cc02699b1d1163e76984843136/x86_64-unknown-linux-gnu/debug/build/mydup/fdbb2c9781eb4c03/out -L dependency=/build/source/tests/cargo/issue-412-dup-deps/target/charon-closure-facts/3c1436257c4f6dd2f3030536effd34b8397da3cc02699b1d1163e76984843136/debug/build/issue-412-dup-deps/689647d28e1724ab/out --extern mydup1=/build/source/tests/cargo/issue-412-dup-deps/target/charon-closure-facts/3c1436257c4f6dd2f3030536effd34b8397da3cc02699b1d1163e76984843136/x86_64-unknown-linux-gnu/debug/build/mydup/a493a5575feba755/out/libmydup-a493a5575feba755.rlib --extern mydup2=/build/source/tests/cargo/issue-412-dup-deps/target/charon-closure-facts/3c1436257c4f6dd2f3030536effd34b8397da3cc02699b1d1163e76984843136/x86_64-unknown-linux-gnu/debug/build/mydup/fdbb2c9781eb4c03/out/libmydup-fdbb2c9781eb4c03.rlib -D warnings` (exit status: 101)


---- issue-396-lib-bin ----
Command: `charon cargo --error-on-warnings --print-llbc --dest-file /build/source/tests/cargo/issue-396-lib-bin.llbc --`
Compilation failed:     Blocking waiting for file lock on package cache
    Blocking waiting for file lock on package cache
    Blocking waiting for file lock on package cache
    Blocking waiting for file lock on package cache
   Compiling issue-396-lib-bin v0.1.0 (/build/source/tests/cargo/issue-396-lib-bin)

thread 'rustc' panicked at /rustc-dev/8fa1c96cfd489e4c27654c144ae871ce2c4db6c6/compiler/rustc_hir/src/stable_hash_impls.rs:35:18:
called `Option::unwrap()` on a `None` value
note: run with `RUST_BACKTRACE=1` environment variable to display a backtrace
ERROR Compilation panicked
error: could not compile `issue-396-lib-bin` (bin "issue-396-lib-bin")

Caused by:
  process didn't exit successfully: `/build/source/target/release/charon-driver charon-dont-cache-this-3913-1788882420724664777 rustc --crate-name issue_396_lib_bin --edition=2021 src/main.rs --error-format=json --json=diagnostic-rendered-ansi,artifacts,future-incompat --crate-type bin --emit=dep-info,link -C embed-bitcode=no -C debuginfo=2 --check-cfg 'cfg(docsrs,test)' --check-cfg 'cfg(feature, values())' -C metadata=8276fb07604e1beb --out-dir /build/source/tests/cargo/issue-396-lib-bin/target/charon-closure-facts/3c1436257c4f6dd2f3030536effd34b8397da3cc02699b1d1163e76984843136/x86_64-unknown-linux-gnu/debug/build/issue-396-lib-bin/ae0f67fe7405e37d/out --target x86_64-unknown-linux-gnu -L dependency=/build/source/tests/cargo/issue-396-lib-bin/target/charon-closure-facts/3c1436257c4f6dd2f3030536effd34b8397da3cc02699b1d1163e76984843136/x86_64-unknown-linux-gnu/debug/build/issue-396-lib-bin/ed3e6c02a8765181/out -L dependency=/build/source/tests/cargo/issue-396-lib-bin/target/charon-closure-facts/3c1436257c4f6dd2f3030536effd34b8397da3cc02699b1d1163e76984843136/debug/build/issue-396-lib-bin/ae0f67fe7405e37d/out --extern issue_396_lib_bin=/build/source/tests/cargo/issue-396-lib-bin/target/charon-closure-facts/3c1436257c4f6dd2f3030536effd34b8397da3cc02699b1d1163e76984843136/x86_64-unknown-linux-gnu/debug/build/issue-396-lib-bin/ed3e6c02a8765181/out/libissue_396_lib_bin-ed3e6c02a8765181.rlib -D warnings` (exit status: 101)


---- dependencies ----
Command: `charon cargo --error-on-warnings --print-llbc --dest-file /build/source/tests/cargo/dependencies.llbc -- --features=test_feature`
Compilation failed:     Blocking waiting for file lock on package cache
    Blocking waiting for file lock on package cache
    Blocking waiting for file lock on package cache
    Blocking waiting for file lock on package cache
   Compiling take_mut v0.2.2
   Compiling test-cargo-dependencies v0.1.0 (/build/source/tests/cargo/dependencies)

thread 'rustc' panicked at /rustc-dev/8fa1c96cfd489e4c27654c144ae871ce2c4db6c6/compiler/rustc_hir/src/stable_hash_impls.rs:35:18:
called `Option::unwrap()` on a `None` value
note: run with `RUST_BACKTRACE=1` environment variable to display a backtrace
ERROR Compilation panicked
error: could not compile `test-cargo-dependencies` (bin "test-cargo-dependencies")

Caused by:
  process didn't exit successfully: `/build/source/target/release/charon-driver charon-dont-cache-this-3916-1788882420724640047 rustc --crate-name test_cargo_dependencies --edition=2021 src/main.rs --error-format=json --json=diagnostic-rendered-ansi,artifacts,future-incompat --crate-type bin --emit=dep-info,link -C embed-bitcode=no -C debuginfo=2 --cfg 'feature="default"' --cfg 'feature="test_feature"' --check-cfg 'cfg(docsrs,test)' --check-cfg 'cfg(feature, values("default", "test_feature"))' -C metadata=0aee710b3242b9ff --out-dir /build/source/tests/cargo/dependencies/target/charon-closure-facts/3c1436257c4f6dd2f3030536effd34b8397da3cc02699b1d1163e76984843136/x86_64-unknown-linux-gnu/debug/build/test-cargo-dependencies/e083e70e9dde5d3e/out --target x86_64-unknown-linux-gnu -L dependency=/build/source/tests/cargo/dependencies/target/charon-closure-facts/3c1436257c4f6dd2f3030536effd34b8397da3cc02699b1d1163e76984843136/x86_64-unknown-linux-gnu/debug/build/take_mut/8f1224bc1a72526a/out -L dependency=/build/source/tests/cargo/dependencies/target/charon-closure-facts/3c1436257c4f6dd2f3030536effd34b8397da3cc02699b1d1163e76984843136/debug/build/test-cargo-dependencies/e083e70e9dde5d3e/out --extern take_mut=/build/source/tests/cargo/dependencies/target/charon-closure-facts/3c1436257c4f6dd2f3030536effd34b8397da3cc02699b1d1163e76984843136/x86_64-unknown-linux-gnu/debug/build/take_mut/8f1224bc1a72526a/out/libtake_mut-8f1224bc1a72526a.rlib -D warnings` (exit status: 101)


---- build-script ----
Command: `charon cargo --error-on-warnings --print-llbc --dest-file /build/source/tests/cargo/build-script.llbc --`
Compilation failed:     Blocking waiting for file lock on package cache
    Blocking waiting for file lock on package cache
    Blocking waiting for file lock on package cache
    Blocking waiting for file lock on package cache
   Compiling test-cargo-build-script v0.1.0 (/build/source/tests/cargo/build-script)

thread 'rustc' panicked at /rustc-dev/8fa1c96cfd489e4c27654c144ae871ce2c4db6c6/compiler/rustc_hir/src/stable_hash_impls.rs:35:18:
called `Option::unwrap()` on a `None` value
note: run with `RUST_BACKTRACE=1` environment variable to display a backtrace
ERROR Compilation panicked
error: could not compile `test-cargo-build-script` (bin "test-cargo-build-script")

Caused by:
  process didn't exit successfully: `/build/source/target/release/charon-driver charon-dont-cache-this-3907-1788882420724664517 rustc --crate-name test_cargo_build_script --edition=2021 src/main.rs --error-format=json --json=diagnostic-rendered-ansi,artifacts,future-incompat --crate-type bin --emit=dep-info,link -C embed-bitcode=no -C debuginfo=2 --check-cfg 'cfg(docsrs,test)' --check-cfg 'cfg(feature, values())' -C metadata=3c9bbc12a478f3cc --out-dir /build/source/tests/cargo/build-script/target/charon-closure-facts/3c1436257c4f6dd2f3030536effd34b8397da3cc02699b1d1163e76984843136/x86_64-unknown-linux-gnu/debug/build/test-cargo-build-script/879d93180e31f5cc/out --target x86_64-unknown-linux-gnu -L dependency=/build/source/tests/cargo/build-script/target/charon-closure-facts/3c1436257c4f6dd2f3030536effd34b8397da3cc02699b1d1163e76984843136/debug/build/test-cargo-build-script/879d93180e31f5cc/out -D warnings --cfg abc` (exit status: 101)



failures:
    unsafe_
    toml
    error-dependencies
    test-attributes
    issue-412-dup-deps
    issue-396-lib-bin
    dependencies
    build-script

test result: FAILED. 3 passed; 8 failed; 0 ignored; 0 measured; 0 filtered out; finished in 0.46s

error: test failed, to rerun pass `--test cargo`
