this derivation will be built:
  /nix/store/0fch8z15jnv75vx3bki23dgicbwrvy04-ocaml5.2.1-aeneas-0.1.0.drv
building '/nix/store/0fch8z15jnv75vx3bki23dgicbwrvy04-ocaml5.2.1-aeneas-0.1.0.drv'...
error: Cannot build '/nix/store/0fch8z15jnv75vx3bki23dgicbwrvy04-ocaml5.2.1-aeneas-0.1.0.drv'.
       Reason: builder failed with exit code 1.
       Output paths:
         /nix/store/jyhihrf8lxsknjqbh21d7p4q8mbcmb5j-ocaml5.2.1-aeneas-0.1.0
       Last 25 log lines:
       > findlib: [WARNING] Package ppx_let has multiple definitions in /nix/store/wajx2d7spndzwqhn8s742pjjr8nxmpsp-ocaml5.2.1-ppx_let-0.17.0/lib/ocaml/5.2.1/site-lib/ppx_let/META, /nix/store/amln1xw9jmkvsl6pz28h5l8wbng5qjd6-ocaml5.2.1-ppx_let-0.17.0/lib/ocaml/5.2.1/site-lib/ppx_let/META
       > findlib: [WARNING] Package fieldslib has multiple definitions in /nix/store/mr1r2n5z54n0nid386zn14cd53hk22vd-ocaml5.2.1-fieldslib-0.17.0/lib/ocaml/5.2.1/site-lib/fieldslib/META, /nix/store/pzxf6z12v7ilj5viqz7sp73qc1jlf3bn-ocaml5.2.1-fieldslib-0.17.0/lib/ocaml/5.2.1/site-lib/fieldslib/META
       > findlib: [WARNING] Package ppx_fields_conv has multiple definitions in /nix/store/wy7kdkpf4jy46fxxcwnkca1vx0wmzlc1-ocaml5.2.1-ppx_fields_conv-0.17.0/lib/ocaml/5.2.1/site-lib/ppx_fields_conv/META, /nix/store/g65i90n06d2w2dbzcfam3dhqqvlalppv-ocaml5.2.1-ppx_fields_conv-0.17.0/lib/ocaml/5.2.1/site-lib/ppx_fields_conv/META
       > findlib: [WARNING] Package ppx_sexp_conv has multiple definitions in /nix/store/kickw721zj6pzcrnrmwsxvcsig3z798f-ocaml5.2.1-ppx_sexp_conv-0.17.0/lib/ocaml/5.2.1/site-lib/ppx_sexp_conv/META, /nix/store/1aaxvrwqnfm1iy11rsacs3y7r65a7kc8-ocaml5.2.1-ppx_sexp_conv-0.17.0/lib/ocaml/5.2.1/site-lib/ppx_sexp_conv/META
       > findlib: [WARNING] Package ppx_compare has multiple definitions in /nix/store/2y5bw3r9c0k2q2vdcjpjy2ww0r29gq8h-ocaml5.2.1-ppx_compare-0.17.0/lib/ocaml/5.2.1/site-lib/ppx_compare/META, /nix/store/q8jjvnhxvja2bbwl3kbvqdz0k8nlxl56-ocaml5.2.1-ppx_compare-0.17.0/lib/ocaml/5.2.1/site-lib/ppx_compare/META
       > findlib: [WARNING] Package ppx_hash has multiple definitions in /nix/store/7s5znckvnmd87dhwpbr16m51s25q26i4-ocaml5.2.1-ppx_hash-0.17.0/lib/ocaml/5.2.1/site-lib/ppx_hash/META, /nix/store/mj05jm5vr91lj5szndmy94cp4z844xps-ocaml5.2.1-ppx_hash-0.17.0/lib/ocaml/5.2.1/site-lib/ppx_hash/META
       > findlib: [WARNING] Package ppx_globalize has multiple definitions in /nix/store/gwjhax0dcdznjq4a4va2h3lqxgfhlr60-ocaml5.2.1-ppx_globalize-0.17.0/lib/ocaml/5.2.1/site-lib/ppx_globalize/META, /nix/store/4hblqqz688zkx6sv7ad72fbzc4y8jfg2-ocaml5.2.1-ppx_globalize-0.17.0/lib/ocaml/5.2.1/site-lib/ppx_globalize/META
       > findlib: [WARNING] Package ppxlib_jane has multiple definitions in /nix/store/01zhrlivnfnqn9vg4zpar8l646icfrk6-ocaml5.2.1-ppxlib_jane-0.17.0/lib/ocaml/5.2.1/site-lib/ppxlib_jane/META, /nix/store/24vz3hxabinr91gxg32ci6jmv4f6c9y9-ocaml5.2.1-ppxlib_jane-0.17.0/lib/ocaml/5.2.1/site-lib/ppxlib_jane/META
       > findlib: [WARNING] Package ppx_enumerate has multiple definitions in /nix/store/5ymkqxb7zr0al3i87z4lvd5pddr2pgm5-ocaml5.2.1-ppx_enumerate-0.17.0/lib/ocaml/5.2.1/site-lib/ppx_enumerate/META, /nix/store/ilc1b1qmpywc0i4n879ibwl33c08mp1c-ocaml5.2.1-ppx_enumerate-0.17.0/lib/ocaml/5.2.1/site-lib/ppx_enumerate/META
       > findlib: [WARNING] Package stdlib-shims has multiple definitions in /nix/store/dkfdbl7v8hrxf81d4csz5fr751lb1g5g-ocaml5.2.1-stdlib-shims-0.3.0/lib/ocaml/5.2.1/site-lib/stdlib-shims/META, /nix/store/n1dmw8az0xx97n15zc7ikv8jz9cx5xxv-ocaml5.2.1-stdlib-shims-0.3.0/lib/ocaml/5.2.1/site-lib/stdlib-shims/META
       > findlib: [WARNING] Package stdio has multiple definitions in /nix/store/8ipc82aydaind2117b13168bp1ry2ry5-ocaml5.2.1-stdio-0.17.0/lib/ocaml/5.2.1/site-lib/stdio/META, /nix/store/fvzw8vjgvsrimdxpw26vd7pjyr6sjryl-ocaml5.2.1-stdio-0.17.0/lib/ocaml/5.2.1/site-lib/stdio/META
       > findlib: [WARNING] Package ppx_derivers has multiple definitions in /nix/store/qs1dh9fl9f4mb6h5j6is26445n4bq4vx-ocaml5.2.1-ppx_derivers-1.2.1/lib/ocaml/5.2.1/site-lib/ppx_derivers/META, /nix/store/mm9wqdswapdpczqagbicsvd9idm2z3iv-ocaml5.2.1-ppx_derivers-1.2.1/lib/ocaml/5.2.1/site-lib/ppx_derivers/META
       > findlib: [WARNING] Package ocaml-compiler-libs has multiple definitions in /nix/store/0z3g2nxdhzysszdnd5z93fbi45fv7jj9-ocaml5.2.1-ocaml-compiler-libs-0.17.0/lib/ocaml/5.2.1/site-lib/ocaml-compiler-libs/META, /nix/store/5ahzlqj7zzjik1h3rbj1dq9vagiigpjm-ocaml5.2.1-ocaml-compiler-libs-0.17.0/lib/ocaml/5.2.1/site-lib/ocaml-compiler-libs/META
       > findlib: [WARNING] Package ppxlib has multiple definitions in /nix/store/ggfjw3h2ypxhm791y3n51f13b4jv3dik-ocaml5.2.1-ppxlib-0.34.0/lib/ocaml/5.2.1/site-lib/ppxlib/META, /nix/store/3whr1z55h1rhzjs5sx0p9sl0sik87q09-ocaml5.2.1-ppxlib-0.33.0/lib/ocaml/5.2.1/site-lib/ppxlib/META
       > findlib: [WARNING] Package ppx_cold has multiple definitions in /nix/store/sly074avqirq6v6y2ssacbxn5rjyggyy-ocaml5.2.1-ppx_cold-0.17.0/lib/ocaml/5.2.1/site-lib/ppx_cold/META, /nix/store/l9la5a3l6dv2q6ma6ksqca16l5c1h5ga-ocaml5.2.1-ppx_cold-0.17.0/lib/ocaml/5.2.1/site-lib/ppx_cold/META
       > findlib: [WARNING] Package ppx_base has multiple definitions in /nix/store/j2y0hwyw5wsgn27az0mbcf4041i27k30-ocaml5.2.1-ppx_base-0.17.0/lib/ocaml/5.2.1/site-lib/ppx_base/META, /nix/store/wrcc816j401x3wqlbivczjq21nqf4mgp-ocaml5.2.1-ppx_base-0.17.0/lib/ocaml/5.2.1/site-lib/ppx_base/META
       > findlib: [WARNING] Package base_quickcheck has multiple definitions in /nix/store/gcpy21kyamshg36ahi8bs3v49gdjvy64-ocaml5.2.1-base_quickcheck-0.17.0/lib/ocaml/5.2.1/site-lib/base_quickcheck/META, /nix/store/b9wdvan02kbcswwnjhq5znzqqsisnjsd-ocaml5.2.1-base_quickcheck-0.17.0/lib/ocaml/5.2.1/site-lib/base_quickcheck/META
       > findlib: [WARNING] Package ppx_jane has multiple definitions in /nix/store/alyp4pmlgqln1lpr5l9kp8drfp3n1pwi-ocaml5.2.1-ppx_jane-0.17.0/lib/ocaml/5.2.1/site-lib/ppx_jane/META, /nix/store/krscw3vhk1pif0dargy9r7ryxq53rviy-ocaml5.2.1-ppx_jane-0.17.0/lib/ocaml/5.2.1/site-lib/ppx_jane/META
       > findlib: [WARNING] Package int_repr has multiple definitions in /nix/store/9srv8vqbkdcv5h0spn5j0lv9nhj8alwp-ocaml5.2.1-int_repr-0.17.0/lib/ocaml/5.2.1/site-lib/int_repr/META, /nix/store/pz9i0nncsnw189sdcpcnhan9h1c915yf-ocaml5.2.1-int_repr-0.17.0/lib/ocaml/5.2.1/site-lib/int_repr/META
       > findlib: [WARNING] Package base_bigstring has multiple definitions in /nix/store/4f0ic1wgn1jh5plc6vnddl4w70iynj4w-ocaml5.2.1-base_bigstring-0.17.0/lib/ocaml/5.2.1/site-lib/base_bigstring/META, /nix/store/vh4sbxdb964g35bfi56zjgs1szbvwcnl-ocaml5.2.1-base_bigstring-0.17.0/lib/ocaml/5.2.1/site-lib/base_bigstring/META
       > findlib: [WARNING] Package ocaml_intrinsics_kernel has multiple definitions in /nix/store/4k67j84567mx8nm6mjvgm8gkjw3zyrg2-ocaml5.2.1-ocaml_intrinsics_kernel-0.17.0/lib/ocaml/5.2.1/site-lib/ocaml_intrinsics_kernel/META, /nix/store/czg18v1pr9i0kklac95ypv3y5azbp0qd-ocaml5.2.1-ocaml_intrinsics_kernel-0.17.0/lib/ocaml/5.2.1/site-lib/ocaml_intrinsics_kernel/META
       > findlib: [WARNING] Package sexplib0 has multiple definitions in /nix/store/mpm2q8az9nq4pss5w41ciqv0shq3vgss-ocaml5.2.1-sexplib0-0.17.0/lib/ocaml/5.2.1/site-lib/sexplib0/META, /nix/store/bprvmi7nll9flw95l3yaamak0m133b8y-ocaml5.2.1-sexplib0-0.17.0/lib/ocaml/5.2.1/site-lib/sexplib0/META
       > findlib: [WARNING] Package base has multiple definitions in /nix/store/3qm97p7izzxi0ys10xh79pzi1w2h600b-ocaml5.2.1-base-0.17.2/lib/ocaml/5.2.1/site-lib/base/META, /nix/store/hanpz2gygpa027sv3zj3fppj238vzpr2-ocaml5.2.1-base-0.17.2/lib/ocaml/5.2.1/site-lib/base/META
       > findlib: [WARNING] Package core has multiple definitions in /nix/store/jpxg3i3659aj80h95089sjw8x5qg4p2z-ocaml5.2.1-core-0.17.2/lib/ocaml/5.2.1/site-lib/core/META, /nix/store/i412k1hrg0589dgjgmc9nq5k7j5ql6jg-ocaml5.2.1-core-0.17.1/lib/ocaml/5.2.1/site-lib/core/META
       > Set dontDetectOcamlConflicts to true to disable this check.
       For full logs, run:
         nix log /nix/store/0fch8z15jnv75vx3bki23dgicbwrvy04-ocaml5.2.1-aeneas-0.1.0.drv
exit=1
