these 47 derivations will be built:
  /nix/store/0mijqgcj5nf0qs9rr3dradf87vhrbjra-ocaml5.2.1-capitalization-0.17.0.drv
  /nix/store/0zswms6amyyak9wgpnv62d08l4d8vlzp-ocaml5.2.1-zarith-1.14.drv
  /nix/store/1ani96k6sc9axcsj12hicw3rfbs5l0qw-ocaml5.2.1-parsexp-0.17.0.drv
  /nix/store/2m8ifi5dg6m9nznpgfsvd7bn4pbcprqm-ocaml5.2.1-fieldslib-0.17.0.drv
  /nix/store/44q7xchxb3vdgfcxaqs0ph0q65r44n9f-ocaml5.2.1-variantslib-0.17.0.drv
  /nix/store/4plrwpds89qcqixaxvzpwgmpzv8qdg48-ocaml5.2.1-ppx_pipebang-0.17.0.drv
  /nix/store/51mpj7bx6w5721ysk4wjxyqfzxk7v4bd-ocaml5.2.1-ppx_disable_unused_warnings-0.17.0.drv
  /nix/store/ivjidkbi0k97g5hjr1cvk3qwjxgbigmp-ocaml5.2.1-ppx_string-0.17.0.drv
  /nix/store/w7pwpd4550hr8pm6pp3vyphwkvvj7psv-ocaml5.2.1-ppx_let-0.17.0.drv
  /nix/store/55ydqgx7k2v8hcfz5fc4y7bpc9igpfxb-ocaml5.2.1-ppx_string_conv-0.17.0.drv
  /nix/store/h582ilqiz2lr12jsvmy6k2lz673cmrqf-ocaml5.2.1-ppx_sexp_value-0.17.0.drv
  /nix/store/hci2kcrmy9r2bky26r4rjwy26b65d5la-ocaml5.2.1-ppx_variants_conv-0.17.0.drv
  /nix/store/i479vw3q80hcjkb7vgin9l0xay95bswh-ocaml5.2.1-ppx_fields_conv-0.17.0.drv
  /nix/store/7yj3f6mrcdp7aqd422x62abg97z1sj8r-ocaml5.2.1-num-1.6.drv
  /nix/store/nl1x85bgzw7gkkb3pmb16jaf2rf02scf-ocaml5.2.1-sexplib-0.17.0.drv
  /nix/store/pgiyzvllr43845m7szjpjf8phsvpdvmq-ocaml5.2.1-ppx_sexp_message-0.17.0.drv
  /nix/store/571fdb01g13mdn5ajl93li3dd71cmg08-ocaml5.2.1-ppx_log-0.17.0.drv
  /nix/store/crap5p5l9rl1ajqm60pfq7zz4g74xbb8-ocaml5.2.1-cppo-1.8.0.drv
  /nix/store/775il0wh1pd0sinw3gk0f9frwdf94pkh-ocaml5.2.1-ppx_deriving-6.0.3.drv
  /nix/store/7qyvf74p5xqvvjcgz8ks8rhpms8w48if-ocaml5.2.1-ppx_stable-0.17.0.drv
  /nix/store/8sbd97icmwr2blr2bz64mi9rbxp3cais-ocaml5.2.1-ppx_fixed_literal-0.17.0.drv
  /nix/store/ifp1m96mzk18k7vhph9lslzgvrp0ppsf-ocaml5.2.1-ocplib-endian-1.2.drv
  /nix/store/y8a092xxl7rnzvw6lb9i9lr3n029k4x4-ocaml5.2.1-lwt-5.9.1.drv
  /nix/store/96xymrjacy45ay4zc6kzxvz8vy4cjwcf-ocaml5.2.1-logs-0.10.0.drv
  /nix/store/9q2z9l25mf48r378fpnjcvabl5wf0kzk-ocaml5.2.1-ppx_tydi-0.17.0.drv
  /nix/store/jd8r4lra58yj37ajizmy0bciknhj26rd-ocaml5.2.1-ppx_bench-0.17.0.drv
  /nix/store/c94ihwgyi6hv6i5cnxbs75qm7vrjbxml-ocaml5.2.1-splittable_random-0.17.0.drv
  /nix/store/h4vpql5vqivf5xcgvipz2pdclaznvjv3-ocaml5.2.1-typerep-0.17.1.drv
  /nix/store/crglk8gcvzakz67d1ifmxmbpjvik967r-ocaml5.2.1-ppx_typerep_conv-0.17.0.drv
  /nix/store/ijwidywsl489xy1j0qn49j29x2zmvi6p-ocaml5.2.1-ppx_custom_printf-0.17.0.drv
  /nix/store/mzn63pvdsb5x0fj4rycdjhcxx7k09bpj-ocaml5.2.1-ppx_stable_witness-0.17.0.drv
  /nix/store/dmx9zv4xvm2s8j8kx99f41d6dnp036h1-ocaml5.2.1-bin_prot-0.17.0.drv
  /nix/store/mvki45nzlwkkiy1m00xa3qm0d4nigkm6-ocaml5.2.1-ppx_ignore_instrumentation-0.17.0.drv
  /nix/store/vply078w87nmqr7nnb4l8jn6iqwqr8x9-ocaml5.2.1-ppx_optional-0.17.0.drv
  /nix/store/wnhrxymal3qlkc3csr3vb3cvnk1ja4f6-ocaml5.2.1-ppx_module_timer-0.17.0.drv
  /nix/store/yy3dr3qg94xjrbn8gypddr39s1hj474h-ocaml5.2.1-ppx_bin_prot-0.17.0.drv
  /nix/store/zzy12xvnfkljvqwhqc2h2gwikz4q13vy-ocaml5.2.1-base_quickcheck-0.17.0.drv
  /nix/store/yivx3dpccqh12h1gf3nljw3ci6ff1v3x-ocaml5.2.1-ppx_jane-0.17.0.drv
  /nix/store/f403140c9xqbvpq5smiw1i8ivby04j2v-ocaml5.2.1-int_repr-0.17.0.drv
  /nix/store/gcslvdj8rwah7gybaifhf1lycim3ps7b-ocaml5.2.1-gel-0.17.0.drv
  /nix/store/wj0xiqgkv2i9bzcwrq534mzf7liq1xq7-ocaml5.2.1-visitors-20250212.drv
  /nix/store/jgg8q7l00dr1ivwsigqamrzccphdj8q7-ocaml5.2.1-name_matcher_parser-0.1.0.drv
  /nix/store/q156dmh555bf1w501b6f5rhrp1knqf70-ocaml5.2.1-ppx_diff-0.17.0.drv
  /nix/store/qw805qc356hl1c0lip1wanjb6qsl8pbj-ocaml5.2.1-base_bigstring-0.17.0.drv
  /nix/store/pzz1ig8pbp7zbcrbjkm0x6pm9qw4xi47-ocaml5.2.1-core-0.17.2.drv
  /nix/store/rfaljarj42rx3rkjpcglyxas3mj4z66j-ocaml5.2.1-unionFind-20250818.drv
  /nix/store/ywzyaf75cyzpfjnam5dq323p3z0p09ph-ocaml5.2.1-charon-0.1.0.drv
these 88 paths will be fetched (264.6 MiB download, 872.7 MiB unpacked):
  /nix/store/b9k184d3s69r468z92if099w0625c6x4-cmdliner-2.1.1
  /nix/store/h9jkpgn4g054c74adliqhgbalmax5lyb-logs-0.10.0.tbz
  /nix/store/bwkrbi10dw0h7md33sg61srmypa9sny6-ocaml-5.2.1
  /nix/store/3qm97p7izzxi0ys10xh79pzi1w2h600b-ocaml5.2.1-base-0.17.2
  /nix/store/7qxxqcnpz5z7ayzynbybgmwj521q29hs-ocaml5.2.1-csexp-1.5.2
  /nix/store/w8s4x2hbfrfjbzvx8sbrss2j656gg2ms-ocaml5.2.1-dune-configurator-3.23.1
  /nix/store/fny1v200gvf82w8agszy8ljpxkrfbf7f-ocaml5.2.1-findlib-1.9.8
  /nix/store/p3gglmplpgcanh6vxr447393d041qhcm-ocaml5.2.1-fmt-0.11.0
  /nix/store/yylpm4vhr1i7dd0f8hpaha6yri1zcgwj-ocaml5.2.1-gen-1.1
  /nix/store/qm25441cqzqs67b3ip0cxiay6cnkv9bl-ocaml5.2.1-jane-street-headers-0.17.0
  /nix/store/jynj5vkwzgd66dyj4il53fdf1b8mdgk1-ocaml5.2.1-js_of_ocaml-compiler-6.4.1
  /nix/store/pbdi8z2xx22xdh6x58p78qnkhd6w0gpd-ocaml5.2.1-jst-config-0.17.0
  /nix/store/93vbifb1xv0m2z4xhfkv683aac6xbzny-ocaml5.2.1-menhir-20260203
  /nix/store/vw9i7gx7xilkryk265gn44b7a1c5psm5-ocaml5.2.1-menhirLib-20260203
  /nix/store/0z3g2nxdhzysszdnd5z93fbi45fv7jj9-ocaml5.2.1-ocaml-compiler-libs-0.17.0
  /nix/store/4k67j84567mx8nm6mjvgm8gkjw3zyrg2-ocaml5.2.1-ocaml_intrinsics_kernel-0.17.0
  /nix/store/w9d4wvvn00i4dhwqx9jl0sxqsjkjgcqm-ocaml5.2.1-ocamlbuild-0.16.1
  /nix/store/n927lad2309mnjfjmv6l9i0w9wnmwsf5-ocaml5.2.1-ounit2-2.2.7
  /nix/store/mwl3ksr9i2yvxjck15bklclzzcg5pl4i-ocaml5.2.1-ppx_assert-0.17.0
  /nix/store/j2y0hwyw5wsgn27az0mbcf4041i27k30-ocaml5.2.1-ppx_base-0.17.0
  /nix/store/sly074avqirq6v6y2ssacbxn5rjyggyy-ocaml5.2.1-ppx_cold-0.17.0
  /nix/store/2y5bw3r9c0k2q2vdcjpjy2ww0r29gq8h-ocaml5.2.1-ppx_compare-0.17.0
  /nix/store/qs1dh9fl9f4mb6h5j6is26445n4bq4vx-ocaml5.2.1-ppx_derivers-1.2.1
  /nix/store/5ymkqxb7zr0al3i87z4lvd5pddr2pgm5-ocaml5.2.1-ppx_enumerate-0.17.0
  /nix/store/3zwcqkv9b93jghmvl1f877qg5n3w2qy9-ocaml5.2.1-ppx_expect-0.17.2
  /nix/store/gwjhax0dcdznjq4a4va2h3lqxgfhlr60-ocaml5.2.1-ppx_globalize-0.17.0
  /nix/store/7s5znckvnmd87dhwpbr16m51s25q26i4-ocaml5.2.1-ppx_hash-0.17.0
  /nix/store/v4skgi7gac467lmfp8ly3zr5if8g231q-ocaml5.2.1-ppx_here-0.17.0
  /nix/store/7lp1hgkljznhip5mg4i42bpc9sh1xzn3-ocaml5.2.1-ppx_inline_test-0.17.0
  /nix/store/9w8phvlq9y6x1a6xp7lqi7pf0mikayz9-ocaml5.2.1-ppx_optcomp-0.17.0
  /nix/store/kickw721zj6pzcrnrmwsxvcsig3z798f-ocaml5.2.1-ppx_sexp_conv-0.17.0
  /nix/store/ggfjw3h2ypxhm791y3n51f13b4jv3dik-ocaml5.2.1-ppxlib-0.34.0
  /nix/store/01zhrlivnfnqn9vg4zpar8l646icfrk6-ocaml5.2.1-ppxlib_jane-0.17.0
  /nix/store/3d7yl76238xrwwiv2q02c6535s3in1z1-ocaml5.2.1-re-1.12.0
  /nix/store/9wph0kxi8h4f8crr04qbkx778y0rbbaz-ocaml5.2.1-result-1.5
  /nix/store/3gmzkv8vffw2k1xlzrghv5bgzhwlxkx8-ocaml5.2.1-sedlex-3.7
  /nix/store/8l6csgsj2z8v6cxznhdh6yhv1mbnpf9q-ocaml5.2.1-seq-0.1
  /nix/store/mpm2q8az9nq4pss5w41ciqv0shq3vgss-ocaml5.2.1-sexplib0-0.17.0
  /nix/store/8ipc82aydaind2117b13168bp1ry2ry5-ocaml5.2.1-stdio-0.17.0
  /nix/store/dkfdbl7v8hrxf81d4csz5fr751lb1g5g-ocaml5.2.1-stdlib-shims-0.3.0
  /nix/store/hjpbrs2jf96k83pq96d299ibl41kb1if-ocaml5.2.1-time_now-0.17.0
  /nix/store/l3bkjs0aaw5yplm6783329pw3cj50xq1-ocaml5.2.1-topkg-1.1.0
  /nix/store/sh4yxl5zsq79wa1wzfv6nzmz00rb90kc-ocaml5.2.1-yojson-3.0.0
  /nix/store/9s5k75x6llqr8kv2bx9lsi8khfxvhj4d-opaline-0.3.3
  /nix/store/qsccpsq0pnl69yyaxkhvixzp4884scck-ppx_deriving-6.0.3.tbz
  /nix/store/025rfdxsmr2wz3n3i0y2a90qzhr5f0nl-source
  /nix/store/1j12hxzhwlgz2yaiqh2vcml518ri1f6z-source
  /nix/store/1zvmzy2hz9lachrc6b892mwdpjf09w3d-source
  /nix/store/2crxrmmyr320bn7rzi0ymdc9s2xdr852-source
  /nix/store/2f5544f6chlwkl9z3ir0fbv635a40c8g-source
  /nix/store/2rzb78rldj2a1z2kygwxhi3i7926bp9d-source
  /nix/store/36pvxbh600vhn7j7ikdgbwxs949idfrz-source
  /nix/store/4cjcmfg23x8aldnqw8kyw0vh00x2lbk7-source
  /nix/store/4kvdbj45887azj9r1rrzkminy8fy1zyz-source
  /nix/store/56r5y90higf6530a7jxjk7jkhgvzblxj-source
  /nix/store/5g26zn4nywnr1hivv79p7dnh5h71f2n7-source
  /nix/store/5y6dihhmgggkbwk9yl73w2qvs6m19iy7-source
  /nix/store/5z32n2kfbylvzqm1is5rq938cpnv4yii-source
  /nix/store/8l2i5yd7v4vxzwfc5bcdlgrrwbcp07ay-source
  /nix/store/9mprzgsmidyfv1y7v0hhdaq0n5l8hf00-source
  /nix/store/ab4inq2jgq61gxzk8x7s8yjfcbci3qr8-source
  /nix/store/aplz7r75fr86jhmsd9fffyxxa2xqpv3q-source
  /nix/store/b5h3gw2mhqwp01nafgfqjg9vxm3653an-source
  /nix/store/bsj9cqdm7b4bnbixmjjby0jsfv8gp6id-source
  /nix/store/dh8wvqa4fkjqkz83n66qi1pkzgcd5qfn-source
  /nix/store/dkslmryz36hv8vp2sk8hs2jghh5m53cd-source
  /nix/store/dlk4sj5dmfkp7nsnirq033inq03r76c7-source
  /nix/store/dm97jyck7v8nl6bjiwdllkj3hr10kylf-source
  /nix/store/f9ggypq80rabhpmhkh4yy92mwbfl285v-source
  /nix/store/fp6mw0zfldclhhd5zmj8cyp60yky4sng-source
  /nix/store/fwz501qpahppxx0574zxi60cpwz2mw6y-source
  /nix/store/m5jpqi2w5f3v0maip2shrz7wb04id64a-source
  /nix/store/mvvhlp6jgys4zxxvl0k404cm7pgh909a-source
  /nix/store/n9bsv1wgp33n61biwr86mj1yh9wbc5wx-source
  /nix/store/pmll63pfsvf8xdni6gj29z6lyzh5712k-source
  /nix/store/qjmcnaijbkd922pa0y5pg02bjm0nnw5n-source
  /nix/store/qvvvscamfhlvigak067i5cqm4sjw6c69-source
  /nix/store/rmrqfxxg8m605y9vyr93c9bxziw2wgw9-source
  /nix/store/sj5arzivqrv868vih4gz45fgy9v9h7q4-source
  /nix/store/v9003gghqc2wwyh7zm1bxwf37ihisag9-source
  /nix/store/vl0vnsq8gkqbc54yylaxcdzisldznhbx-source
  /nix/store/wf196akwvd30s7hrzvkqfr22sgxa3j0k-source
  /nix/store/xyzshvqfk2aga7kssnzzmvrxha8ppm6p-source
  /nix/store/y1cxg3l9fp35bal7hdc4m4bvab0r24cm-source
  /nix/store/z0hs2gllz31d1dbw00phy9j27mcwci8l-source
  /nix/store/z2cc4wn57i48ldxxjcqzc4ryfngk21fv-source
  /nix/store/znf880kn10bc1gi9wy462fzybhy8d2ip-source
  /nix/store/zs72fx4smnh6whgc1s86w36vsgyqg8cz-source
copying path '/nix/store/bwkrbi10dw0h7md33sg61srmypa9sny6-ocaml-5.2.1' from 'https://cache.nixos.org'...
copying path '/nix/store/h9jkpgn4g054c74adliqhgbalmax5lyb-logs-0.10.0.tbz' from 'https://cache.nixos.org'...
copying path '/nix/store/qsccpsq0pnl69yyaxkhvixzp4884scck-ppx_deriving-6.0.3.tbz' from 'https://cache.nixos.org'...
copying path '/nix/store/pmll63pfsvf8xdni6gj29z6lyzh5712k-source' from 'https://cache.nixos.org'...
copying path '/nix/store/v9003gghqc2wwyh7zm1bxwf37ihisag9-source' from 'https://cache.nixos.org'...
copying path '/nix/store/wf196akwvd30s7hrzvkqfr22sgxa3j0k-source' from 'https://cache.nixos.org'...
copying path '/nix/store/xyzshvqfk2aga7kssnzzmvrxha8ppm6p-source' from 'https://cache.nixos.org'...
copying path '/nix/store/8l6csgsj2z8v6cxznhdh6yhv1mbnpf9q-ocaml5.2.1-seq-0.1' from 'https://cache.nixos.org'...
copying path '/nix/store/9s5k75x6llqr8kv2bx9lsi8khfxvhj4d-opaline-0.3.3' from 'https://cache.nixos.org'...
copying path '/nix/store/dkfdbl7v8hrxf81d4csz5fr751lb1g5g-ocaml5.2.1-stdlib-shims-0.3.0' from 'https://cache.nixos.org'...
copying path '/nix/store/5z32n2kfbylvzqm1is5rq938cpnv4yii-source' from 'https://cache.nixos.org'...
copying path '/nix/store/9mprzgsmidyfv1y7v0hhdaq0n5l8hf00-source' from 'https://cache.nixos.org'...
copying path '/nix/store/dkslmryz36hv8vp2sk8hs2jghh5m53cd-source' from 'https://cache.nixos.org'...
copying path '/nix/store/rmrqfxxg8m605y9vyr93c9bxziw2wgw9-source' from 'https://cache.nixos.org'...
copying path '/nix/store/z0hs2gllz31d1dbw00phy9j27mcwci8l-source' from 'https://cache.nixos.org'...
copying path '/nix/store/zs72fx4smnh6whgc1s86w36vsgyqg8cz-source' from 'https://cache.nixos.org'...
copying path '/nix/store/025rfdxsmr2wz3n3i0y2a90qzhr5f0nl-source' from 'https://cache.nixos.org'...
copying path '/nix/store/1j12hxzhwlgz2yaiqh2vcml518ri1f6z-source' from 'https://cache.nixos.org'...
copying path '/nix/store/1zvmzy2hz9lachrc6b892mwdpjf09w3d-source' from 'https://cache.nixos.org'...
copying path '/nix/store/2crxrmmyr320bn7rzi0ymdc9s2xdr852-source' from 'https://cache.nixos.org'...
copying path '/nix/store/2f5544f6chlwkl9z3ir0fbv635a40c8g-source' from 'https://cache.nixos.org'...
copying path '/nix/store/2rzb78rldj2a1z2kygwxhi3i7926bp9d-source' from 'https://cache.nixos.org'...
copying path '/nix/store/36pvxbh600vhn7j7ikdgbwxs949idfrz-source' from 'https://cache.nixos.org'...
copying path '/nix/store/4cjcmfg23x8aldnqw8kyw0vh00x2lbk7-source' from 'https://cache.nixos.org'...
copying path '/nix/store/4kvdbj45887azj9r1rrzkminy8fy1zyz-source' from 'https://cache.nixos.org'...
copying path '/nix/store/56r5y90higf6530a7jxjk7jkhgvzblxj-source' from 'https://cache.nixos.org'...
copying path '/nix/store/5g26zn4nywnr1hivv79p7dnh5h71f2n7-source' from 'https://cache.nixos.org'...
copying path '/nix/store/5y6dihhmgggkbwk9yl73w2qvs6m19iy7-source' from 'https://cache.nixos.org'...
copying path '/nix/store/8l2i5yd7v4vxzwfc5bcdlgrrwbcp07ay-source' from 'https://cache.nixos.org'...
copying path '/nix/store/ab4inq2jgq61gxzk8x7s8yjfcbci3qr8-source' from 'https://cache.nixos.org'...
copying path '/nix/store/aplz7r75fr86jhmsd9fffyxxa2xqpv3q-source' from 'https://cache.nixos.org'...
copying path '/nix/store/b5h3gw2mhqwp01nafgfqjg9vxm3653an-source' from 'https://cache.nixos.org'...
copying path '/nix/store/bsj9cqdm7b4bnbixmjjby0jsfv8gp6id-source' from 'https://cache.nixos.org'...
copying path '/nix/store/dh8wvqa4fkjqkz83n66qi1pkzgcd5qfn-source' from 'https://cache.nixos.org'...
copying path '/nix/store/dlk4sj5dmfkp7nsnirq033inq03r76c7-source' from 'https://cache.nixos.org'...
copying path '/nix/store/dm97jyck7v8nl6bjiwdllkj3hr10kylf-source' from 'https://cache.nixos.org'...
copying path '/nix/store/f9ggypq80rabhpmhkh4yy92mwbfl285v-source' from 'https://cache.nixos.org'...
copying path '/nix/store/fp6mw0zfldclhhd5zmj8cyp60yky4sng-source' from 'https://cache.nixos.org'...
copying path '/nix/store/fwz501qpahppxx0574zxi60cpwz2mw6y-source' from 'https://cache.nixos.org'...
copying path '/nix/store/m5jpqi2w5f3v0maip2shrz7wb04id64a-source' from 'https://cache.nixos.org'...
copying path '/nix/store/mvvhlp6jgys4zxxvl0k404cm7pgh909a-source' from 'https://cache.nixos.org'...
copying path '/nix/store/n9bsv1wgp33n61biwr86mj1yh9wbc5wx-source' from 'https://cache.nixos.org'...
copying path '/nix/store/qjmcnaijbkd922pa0y5pg02bjm0nnw5n-source' from 'https://cache.nixos.org'...
copying path '/nix/store/qvvvscamfhlvigak067i5cqm4sjw6c69-source' from 'https://cache.nixos.org'...
copying path '/nix/store/sj5arzivqrv868vih4gz45fgy9v9h7q4-source' from 'https://cache.nixos.org'...
copying path '/nix/store/vl0vnsq8gkqbc54yylaxcdzisldznhbx-source' from 'https://cache.nixos.org'...
copying path '/nix/store/y1cxg3l9fp35bal7hdc4m4bvab0r24cm-source' from 'https://cache.nixos.org'...
copying path '/nix/store/z2cc4wn57i48ldxxjcqzc4ryfngk21fv-source' from 'https://cache.nixos.org'...
copying path '/nix/store/znf880kn10bc1gi9wy462fzybhy8d2ip-source' from 'https://cache.nixos.org'...
copying path '/nix/store/b9k184d3s69r468z92if099w0625c6x4-cmdliner-2.1.1' from 'https://cache.nixos.org'...
copying path '/nix/store/7qxxqcnpz5z7ayzynbybgmwj521q29hs-ocaml5.2.1-csexp-1.5.2' from 'https://cache.nixos.org'...
copying path '/nix/store/fny1v200gvf82w8agszy8ljpxkrfbf7f-ocaml5.2.1-findlib-1.9.8' from 'https://cache.nixos.org'...
copying path '/nix/store/yylpm4vhr1i7dd0f8hpaha6yri1zcgwj-ocaml5.2.1-gen-1.1' from 'https://cache.nixos.org'...
copying path '/nix/store/qm25441cqzqs67b3ip0cxiay6cnkv9bl-ocaml5.2.1-jane-street-headers-0.17.0' from 'https://cache.nixos.org'...
copying path '/nix/store/pbdi8z2xx22xdh6x58p78qnkhd6w0gpd-ocaml5.2.1-jst-config-0.17.0' from 'https://cache.nixos.org'...
copying path '/nix/store/vw9i7gx7xilkryk265gn44b7a1c5psm5-ocaml5.2.1-menhirLib-20260203' from 'https://cache.nixos.org'...
copying path '/nix/store/0z3g2nxdhzysszdnd5z93fbi45fv7jj9-ocaml5.2.1-ocaml-compiler-libs-0.17.0' from 'https://cache.nixos.org'...
copying path '/nix/store/4k67j84567mx8nm6mjvgm8gkjw3zyrg2-ocaml5.2.1-ocaml_intrinsics_kernel-0.17.0' from 'https://cache.nixos.org'...
copying path '/nix/store/w9d4wvvn00i4dhwqx9jl0sxqsjkjgcqm-ocaml5.2.1-ocamlbuild-0.16.1' from 'https://cache.nixos.org'...
copying path '/nix/store/n927lad2309mnjfjmv6l9i0w9wnmwsf5-ocaml5.2.1-ounit2-2.2.7' from 'https://cache.nixos.org'...
copying path '/nix/store/qs1dh9fl9f4mb6h5j6is26445n4bq4vx-ocaml5.2.1-ppx_derivers-1.2.1' from 'https://cache.nixos.org'...
copying path '/nix/store/3d7yl76238xrwwiv2q02c6535s3in1z1-ocaml5.2.1-re-1.12.0' from 'https://cache.nixos.org'...
copying path '/nix/store/9wph0kxi8h4f8crr04qbkx778y0rbbaz-ocaml5.2.1-result-1.5' from 'https://cache.nixos.org'...
copying path '/nix/store/mpm2q8az9nq4pss5w41ciqv0shq3vgss-ocaml5.2.1-sexplib0-0.17.0' from 'https://cache.nixos.org'...
copying path '/nix/store/l3bkjs0aaw5yplm6783329pw3cj50xq1-ocaml5.2.1-topkg-1.1.0' from 'https://cache.nixos.org'...
copying path '/nix/store/sh4yxl5zsq79wa1wzfv6nzmz00rb90kc-ocaml5.2.1-yojson-3.0.0' from 'https://cache.nixos.org'...
copying path '/nix/store/3qm97p7izzxi0ys10xh79pzi1w2h600b-ocaml5.2.1-base-0.17.2' from 'https://cache.nixos.org'...
copying path '/nix/store/93vbifb1xv0m2z4xhfkv683aac6xbzny-ocaml5.2.1-menhir-20260203' from 'https://cache.nixos.org'...
building '/nix/store/crap5p5l9rl1ajqm60pfq7zz4g74xbb8-ocaml5.2.1-cppo-1.8.0.drv'...
copying path '/nix/store/w8s4x2hbfrfjbzvx8sbrss2j656gg2ms-ocaml5.2.1-dune-configurator-3.23.1' from 'https://cache.nixos.org'...
copying path '/nix/store/p3gglmplpgcanh6vxr447393d041qhcm-ocaml5.2.1-fmt-0.11.0' from 'https://cache.nixos.org'...
building '/nix/store/7yj3f6mrcdp7aqd422x62abg97z1sj8r-ocaml5.2.1-num-1.6.drv'...
copying path '/nix/store/8ipc82aydaind2117b13168bp1ry2ry5-ocaml5.2.1-stdio-0.17.0' from 'https://cache.nixos.org'...
copying path '/nix/store/ggfjw3h2ypxhm791y3n51f13b4jv3dik-ocaml5.2.1-ppxlib-0.34.0' from 'https://cache.nixos.org'...
building '/nix/store/2m8ifi5dg6m9nznpgfsvd7bn4pbcprqm-ocaml5.2.1-fieldslib-0.17.0.drv'...
building '/nix/store/ifp1m96mzk18k7vhph9lslzgvrp0ppsf-ocaml5.2.1-ocplib-endian-1.2.drv'...
building '/nix/store/1ani96k6sc9axcsj12hicw3rfbs5l0qw-ocaml5.2.1-parsexp-0.17.0.drv'...
copying path '/nix/store/sly074avqirq6v6y2ssacbxn5rjyggyy-ocaml5.2.1-ppx_cold-0.17.0' from 'https://cache.nixos.org'...
copying path '/nix/store/v4skgi7gac467lmfp8ly3zr5if8g231q-ocaml5.2.1-ppx_here-0.17.0' from 'https://cache.nixos.org'...
copying path '/nix/store/9w8phvlq9y6x1a6xp7lqi7pf0mikayz9-ocaml5.2.1-ppx_optcomp-0.17.0' from 'https://cache.nixos.org'...
copying path '/nix/store/01zhrlivnfnqn9vg4zpar8l646icfrk6-ocaml5.2.1-ppxlib_jane-0.17.0' from 'https://cache.nixos.org'...
copying path '/nix/store/3gmzkv8vffw2k1xlzrghv5bgzhwlxkx8-ocaml5.2.1-sedlex-3.7' from 'https://cache.nixos.org'...
copying path '/nix/store/2y5bw3r9c0k2q2vdcjpjy2ww0r29gq8h-ocaml5.2.1-ppx_compare-0.17.0' from 'https://cache.nixos.org'...
copying path '/nix/store/5ymkqxb7zr0al3i87z4lvd5pddr2pgm5-ocaml5.2.1-ppx_enumerate-0.17.0' from 'https://cache.nixos.org'...
copying path '/nix/store/gwjhax0dcdznjq4a4va2h3lqxgfhlr60-ocaml5.2.1-ppx_globalize-0.17.0' from 'https://cache.nixos.org'...
copying path '/nix/store/kickw721zj6pzcrnrmwsxvcsig3z798f-ocaml5.2.1-ppx_sexp_conv-0.17.0' from 'https://cache.nixos.org'...
copying path '/nix/store/7s5znckvnmd87dhwpbr16m51s25q26i4-ocaml5.2.1-ppx_hash-0.17.0' from 'https://cache.nixos.org'...
copying path '/nix/store/j2y0hwyw5wsgn27az0mbcf4041i27k30-ocaml5.2.1-ppx_base-0.17.0' from 'https://cache.nixos.org'...
copying path '/nix/store/mwl3ksr9i2yvxjck15bklclzzcg5pl4i-ocaml5.2.1-ppx_assert-0.17.0' from 'https://cache.nixos.org'...
copying path '/nix/store/jynj5vkwzgd66dyj4il53fdf1b8mdgk1-ocaml5.2.1-js_of_ocaml-compiler-6.4.1' from 'https://cache.nixos.org'...
building '/nix/store/y8a092xxl7rnzvw6lb9i9lr3n029k4x4-ocaml5.2.1-lwt-5.9.1.drv'...
copying path '/nix/store/hjpbrs2jf96k83pq96d299ibl41kb1if-ocaml5.2.1-time_now-0.17.0' from 'https://cache.nixos.org'...
copying path '/nix/store/7lp1hgkljznhip5mg4i42bpc9sh1xzn3-ocaml5.2.1-ppx_inline_test-0.17.0' from 'https://cache.nixos.org'...
copying path '/nix/store/3zwcqkv9b93jghmvl1f877qg5n3w2qy9-ocaml5.2.1-ppx_expect-0.17.2' from 'https://cache.nixos.org'...
building '/nix/store/0mijqgcj5nf0qs9rr3dradf87vhrbjra-ocaml5.2.1-capitalization-0.17.0.drv'...
building '/nix/store/96xymrjacy45ay4zc6kzxvz8vy4cjwcf-ocaml5.2.1-logs-0.10.0.drv'...
building '/nix/store/jd8r4lra58yj37ajizmy0bciknhj26rd-ocaml5.2.1-ppx_bench-0.17.0.drv'...
building '/nix/store/ijwidywsl489xy1j0qn49j29x2zmvi6p-ocaml5.2.1-ppx_custom_printf-0.17.0.drv'...
building '/nix/store/775il0wh1pd0sinw3gk0f9frwdf94pkh-ocaml5.2.1-ppx_deriving-6.0.3.drv'...
building '/nix/store/51mpj7bx6w5721ysk4wjxyqfzxk7v4bd-ocaml5.2.1-ppx_disable_unused_warnings-0.17.0.drv'...
building '/nix/store/i479vw3q80hcjkb7vgin9l0xay95bswh-ocaml5.2.1-ppx_fields_conv-0.17.0.drv'...
building '/nix/store/8sbd97icmwr2blr2bz64mi9rbxp3cais-ocaml5.2.1-ppx_fixed_literal-0.17.0.drv'...
building '/nix/store/mvki45nzlwkkiy1m00xa3qm0d4nigkm6-ocaml5.2.1-ppx_ignore_instrumentation-0.17.0.drv'...
building '/nix/store/w7pwpd4550hr8pm6pp3vyphwkvvj7psv-ocaml5.2.1-ppx_let-0.17.0.drv'...
building '/nix/store/wnhrxymal3qlkc3csr3vb3cvnk1ja4f6-ocaml5.2.1-ppx_module_timer-0.17.0.drv'...
building '/nix/store/vply078w87nmqr7nnb4l8jn6iqwqr8x9-ocaml5.2.1-ppx_optional-0.17.0.drv'...
building '/nix/store/4plrwpds89qcqixaxvzpwgmpzv8qdg48-ocaml5.2.1-ppx_pipebang-0.17.0.drv'...
building '/nix/store/pgiyzvllr43845m7szjpjf8phsvpdvmq-ocaml5.2.1-ppx_sexp_message-0.17.0.drv'...
building '/nix/store/h582ilqiz2lr12jsvmy6k2lz673cmrqf-ocaml5.2.1-ppx_sexp_value-0.17.0.drv'...
building '/nix/store/7qyvf74p5xqvvjcgz8ks8rhpms8w48if-ocaml5.2.1-ppx_stable-0.17.0.drv'...
building '/nix/store/mzn63pvdsb5x0fj4rycdjhcxx7k09bpj-ocaml5.2.1-ppx_stable_witness-0.17.0.drv'...
building '/nix/store/ivjidkbi0k97g5hjr1cvk3qwjxgbigmp-ocaml5.2.1-ppx_string-0.17.0.drv'...
building '/nix/store/9q2z9l25mf48r378fpnjcvabl5wf0kzk-ocaml5.2.1-ppx_tydi-0.17.0.drv'...
building '/nix/store/55ydqgx7k2v8hcfz5fc4y7bpc9igpfxb-ocaml5.2.1-ppx_string_conv-0.17.0.drv'...
building '/nix/store/nl1x85bgzw7gkkb3pmb16jaf2rf02scf-ocaml5.2.1-sexplib-0.17.0.drv'...
building '/nix/store/c94ihwgyi6hv6i5cnxbs75qm7vrjbxml-ocaml5.2.1-splittable_random-0.17.0.drv'...
building '/nix/store/h4vpql5vqivf5xcgvipz2pdclaznvjv3-ocaml5.2.1-typerep-0.17.1.drv'...
building '/nix/store/zzy12xvnfkljvqwhqc2h2gwikz4q13vy-ocaml5.2.1-base_quickcheck-0.17.0.drv'...
building '/nix/store/crglk8gcvzakz67d1ifmxmbpjvik967r-ocaml5.2.1-ppx_typerep_conv-0.17.0.drv'...
building '/nix/store/rfaljarj42rx3rkjpcglyxas3mj4z66j-ocaml5.2.1-unionFind-20250818.drv'...
building '/nix/store/44q7xchxb3vdgfcxaqs0ph0q65r44n9f-ocaml5.2.1-variantslib-0.17.0.drv'...
building '/nix/store/wj0xiqgkv2i9bzcwrq534mzf7liq1xq7-ocaml5.2.1-visitors-20250212.drv'...
building '/nix/store/hci2kcrmy9r2bky26r4rjwy26b65d5la-ocaml5.2.1-ppx_variants_conv-0.17.0.drv'...
building '/nix/store/0zswms6amyyak9wgpnv62d08l4d8vlzp-ocaml5.2.1-zarith-1.14.drv'...
building '/nix/store/dmx9zv4xvm2s8j8kx99f41d6dnp036h1-ocaml5.2.1-bin_prot-0.17.0.drv'...
building '/nix/store/jgg8q7l00dr1ivwsigqamrzccphdj8q7-ocaml5.2.1-name_matcher_parser-0.1.0.drv'...
building '/nix/store/yy3dr3qg94xjrbn8gypddr39s1hj474h-ocaml5.2.1-ppx_bin_prot-0.17.0.drv'...
building '/nix/store/571fdb01g13mdn5ajl93li3dd71cmg08-ocaml5.2.1-ppx_log-0.17.0.drv'...
building '/nix/store/yivx3dpccqh12h1gf3nljw3ci6ff1v3x-ocaml5.2.1-ppx_jane-0.17.0.drv'...
building '/nix/store/gcslvdj8rwah7gybaifhf1lycim3ps7b-ocaml5.2.1-gel-0.17.0.drv'...
building '/nix/store/f403140c9xqbvpq5smiw1i8ivby04j2v-ocaml5.2.1-int_repr-0.17.0.drv'...
building '/nix/store/q156dmh555bf1w501b6f5rhrp1knqf70-ocaml5.2.1-ppx_diff-0.17.0.drv'...
building '/nix/store/qw805qc356hl1c0lip1wanjb6qsl8pbj-ocaml5.2.1-base_bigstring-0.17.0.drv'...
building '/nix/store/pzz1ig8pbp7zbcrbjkm0x6pm9qw4xi47-ocaml5.2.1-core-0.17.2.drv'...
building '/nix/store/ywzyaf75cyzpfjnam5dq323p3z0p09ph-ocaml5.2.1-charon-0.1.0.drv'...
/nix/store/0fp6lh6iyyb0rqyxzbfvx98b8fkk85il-ocaml5.2.1-charon-0.1.0
exit=0
