   Compiling proc-macro2 v1.0.106
   Compiling unicode-ident v1.0.24
   Compiling quote v1.0.46
   Compiling object v0.37.3
   Compiling libc v0.2.186
   Compiling memchr v2.8.2
   Compiling adler2 v2.0.1
   Compiling cfg-if v1.0.4
   Compiling shlex v2.0.1
   Compiling gimli v0.32.3
   Compiling find-msvc-tools v0.1.9
   Compiling serde_core v1.0.228
   Compiling rustix v1.1.4
   Compiling owo-colors v4.3.0
   Compiling rustc-demangle v0.1.27
   Compiling linux-raw-sys v0.12.1
   Compiling bitflags v2.13.0
   Compiling unicode-linebreak v0.1.5
   Compiling is_ci v1.2.0
   Compiling unicode-width v0.2.2
   Compiling serde v1.0.228
   Compiling arrayvec v0.7.8
   Compiling supports-unicode v3.0.0
   Compiling supports-hyperlinks v3.2.0
   Compiling arrayref v0.3.9
   Compiling cpufeatures v0.3.0
   Compiling constant_time_eq v0.4.2
   Compiling hashbrown v0.17.1
   Compiling rumoca-core v0.10.0 (/home/jgoppert/git/rumoca/crates/rumoca-core)
   Compiling equivalent v1.0.2
   Compiling thiserror v2.0.18
   Compiling unicode-width v0.1.14
   Compiling rustc-hash v2.1.3
   Compiling cc v1.2.66
   Compiling miniz_oxide v0.8.9
   Compiling supports-color v3.0.2
   Compiling textwrap v0.16.2
   Compiling syn v2.0.118
   Compiling addr2line v0.25.1
   Compiling indexmap v2.14.0
   Compiling terminal_size v0.4.4
   Compiling blake3 v1.8.5
   Compiling backtrace v0.3.76
   Compiling serde_derive v1.0.228
   Compiling miette-derive v7.6.0
   Compiling thiserror-impl v2.0.18
   Compiling backtrace-ext v0.2.1
   Compiling miette v7.6.0
   Compiling rumoca-ir-dae v0.10.0 (/home/jgoppert/git/rumoca/crates/rumoca-ir-dae)
# Final LLBC before serialization:

opaque type ()

struct str {
  _0: [u8],
}



    Finished `dev` profile [optimized + debuginfo] target(s) in 16.39s
exit=0
